#-----------------------------------------------------------
# Vivado v2020.1 (64-bit)
# SW Build 2902540 on Wed May 27 19:54:49 MDT 2020
# IP Build 2902112 on Wed May 27 22:43:36 MDT 2020
# Start of session at: Mon Aug 17 16:55:52 2020
# Process ID: 13536
# Current directory: C:/Users/RosanaVillela/Documents/ELISA_UFMG/UFMG_digital_design-master/block_interleaver/syn/block_interleaver/block_interleaver.runs/impl_1
# Command line: vivado.exe -log block_interleaver.vdi -applog -product Vivado -messageDb vivado.pb -mode batch -source block_interleaver.tcl -notrace
# Log file: C:/Users/RosanaVillela/Documents/ELISA_UFMG/UFMG_digital_design-master/block_interleaver/syn/block_interleaver/block_interleaver.runs/impl_1/block_interleaver.vdi
# Journal file: C:/Users/RosanaVillela/Documents/ELISA_UFMG/UFMG_digital_design-master/block_interleaver/syn/block_interleaver/block_interleaver.runs/impl_1\vivado.jou
#-----------------------------------------------------------
source block_interleaver.tcl -notrace
